Component: ARM Compiler 5.05 update 1 (build 106) Tool: armlink [4d0efa]

==============================================================================

Section Cross References

    startup_stm32f030x8.o(RESET) refers to startup_stm32f030x8.o(STACK) for __initial_sp
    startup_stm32f030x8.o(RESET) refers to startup_stm32f030x8.o(.text) for Reset_Handler
    startup_stm32f030x8.o(RESET) refers to stm32f0xx_it.o(i.NMI_Handler) for NMI_Handler
    startup_stm32f030x8.o(RESET) refers to stm32f0xx_it.o(i.HardFault_Handler) for HardFault_Handler
    startup_stm32f030x8.o(RESET) refers to stm32f0xx_it.o(i.SVC_Handler) for SVC_Handler
    startup_stm32f030x8.o(RESET) refers to stm32f0xx_it.o(i.PendSV_Handler) for PendSV_Handler
    startup_stm32f030x8.o(RESET) refers to stm32f0xx_it.o(i.SysTick_Handler) for SysTick_Handler
    startup_stm32f030x8.o(RESET) refers to stm32f0xx_it.o(i.EXTI0_1_IRQHandler) for EXTI0_1_IRQHandler
    startup_stm32f030x8.o(RESET) refers to stm32f0xx_it.o(i.EXTI2_3_IRQHandler) for EXTI2_3_IRQHandler
    startup_stm32f030x8.o(RESET) refers to stm32f0xx_it.o(i.TIM6_IRQHandler) for TIM6_IRQHandler
    startup_stm32f030x8.o(.text) refers to system_stm32f0xx.o(i.SystemInit) for SystemInit
    startup_stm32f030x8.o(.text) refers to entry.o(.ARM.Collect$$$$00000000) for __main
    stm32f0xx_it.o(i.EXTI0_1_IRQHandler) refers to stm32f0xx_it.o(i.LL_EXTI_IsActiveFlag_0_31) for LL_EXTI_IsActiveFlag_0_31
    stm32f0xx_it.o(i.EXTI0_1_IRQHandler) refers to fadd.o(.text) for __aeabi_fadd
    stm32f0xx_it.o(i.EXTI0_1_IRQHandler) refers to stm32f0xx_it.o(i.LL_GPIO_IsInputPinSet) for LL_GPIO_IsInputPinSet
    stm32f0xx_it.o(i.EXTI0_1_IRQHandler) refers to main.o(.data) for dir
    stm32f0xx_it.o(i.EXTI2_3_IRQHandler) refers to stm32f0xx_it.o(i.LL_EXTI_IsActiveFlag_0_31) for LL_EXTI_IsActiveFlag_0_31
    stm32f0xx_it.o(i.EXTI2_3_IRQHandler) refers to stm32f0xx_it.o(i.LL_GPIO_IsInputPinSet) for LL_GPIO_IsInputPinSet
    stm32f0xx_it.o(i.EXTI2_3_IRQHandler) refers to main.o(.data) for enmode
    stm32f0xx_it.o(i.TIM6_IRQHandler) refers to cfcmple.o(.text) for __aeabi_cfcmpeq
    stm32f0xx_it.o(i.TIM6_IRQHandler) refers to main.o(i.ReadValue) for ReadValue
    stm32f0xx_it.o(i.TIM6_IRQHandler) refers to ffltui.o(.text) for __aeabi_ui2f
    stm32f0xx_it.o(i.TIM6_IRQHandler) refers to f2d.o(.text) for __aeabi_f2d
    stm32f0xx_it.o(i.TIM6_IRQHandler) refers to dmul.o(.text) for __aeabi_dmul
    stm32f0xx_it.o(i.TIM6_IRQHandler) refers to dscalb.o(.text) for __ARM_scalbn
    stm32f0xx_it.o(i.TIM6_IRQHandler) refers to d2f.o(.text) for __aeabi_d2f
    stm32f0xx_it.o(i.TIM6_IRQHandler) refers to fadd.o(.text) for __aeabi_fsub
    stm32f0xx_it.o(i.TIM6_IRQHandler) refers to dflti.o(.text) for __aeabi_i2d
    stm32f0xx_it.o(i.TIM6_IRQHandler) refers to dadd.o(.text) for __aeabi_dadd
    stm32f0xx_it.o(i.TIM6_IRQHandler) refers to fmul.o(.text) for __aeabi_fmul
    stm32f0xx_it.o(i.TIM6_IRQHandler) refers to fflti.o(.text) for __aeabi_i2f
    stm32f0xx_it.o(i.TIM6_IRQHandler) refers to cfrcmple.o(.text) for __aeabi_cfrcmple
    stm32f0xx_it.o(i.TIM6_IRQHandler) refers to roundf.o(i.roundf) for roundf
    stm32f0xx_it.o(i.TIM6_IRQHandler) refers to ffixui.o(.text) for __aeabi_f2uiz
    stm32f0xx_it.o(i.TIM6_IRQHandler) refers to main.o(i.Output) for Output
    stm32f0xx_it.o(i.TIM6_IRQHandler) refers to main.o(.data) for enmode
    stm32f0xx_it.o(i.TIM6_IRQHandler) refers to main.o(.data) for closemode
    stm32f0xx_it.o(i.TIM6_IRQHandler) refers to main.o(.constdata) for UMAXOP
    stm32f0xx_it.o(i.TIM6_IRQHandler) refers to main.o(.data) for r_1
    stm32f0xx_it.o(i.TIM6_IRQHandler) refers to main.o(.data) for hccount
    stm32f0xx_it.o(i.TIM6_IRQHandler) refers to main.o(.data) for wrap_count
    stm32f0xx_it.o(i.TIM6_IRQHandler) refers to main.o(.data) for e
    stm32f0xx_it.o(i.TIM6_IRQHandler) refers to main.o(.constdata) for UMAXCL
    stm32f0xx_it.o(i.TIM6_IRQHandler) refers to main.o(.data) for iterm
    stm32f0xx_it.o(i.TIM6_IRQHandler) refers to main.o(.constdata) for LPFB
    stm32f0xx_it.o(i.TIM6_IRQHandler) refers to main.o(.data) for dterm
    stm32f0xx_it.o(i.TIM6_IRQHandler) refers to main.o(.constdata) for LPFA
    stm32f0xx_it.o(i.TIM6_IRQHandler) refers to main.o(.data) for u
    main.o(i.CalibrateEncoder) refers to main.o(i.PrintString) for PrintString
    main.o(i.CalibrateEncoder) refers to main.o(i.Output) for Output
    main.o(i.CalibrateEncoder) refers to stm32f0xx_ll_utils.o(i.LL_mDelay) for LL_mDelay
    main.o(i.CalibrateEncoder) refers to main.o(i.ReadAngle) for ReadAngle
    main.o(i.CalibrateEncoder) refers to idiv.o(.text) for __aeabi_idivmod
    main.o(i.CalibrateEncoder) refers to main.o(i.OneStep) for OneStep
    main.o(i.CalibrateEncoder) refers to uidiv.o(.text) for __aeabi_uidivmod
    main.o(i.CalibrateEncoder) refers to main.o(i.PrintShortInt) for PrintShortInt
    main.o(i.CalibrateEncoder) refers to main.o(i.FlashUnlock) for FlashUnlock
    main.o(i.CalibrateEncoder) refers to main.o(i.FlashErase32K) for FlashErase32K
    main.o(i.CalibrateEncoder) refers to main.o(i.FlashWriteHalfWord) for FlashWriteHalfWord
    main.o(i.CalibrateEncoder) refers to main.o(i.FlashLock) for FlashLock
    main.o(i.CalibrateEncoder) refers to main.o(.data) for .data
    main.o(i.FlashErase32K) refers to main.o(i.FlashErasePage) for FlashErasePage
    main.o(i.FlashErasePage) refers to main.o(i.FlashWaitDone) for FlashWaitDone
    main.o(i.FlashWaitDone) refers to main.o(i.FlashGetStatus) for FlashGetStatus
    main.o(i.FlashWaitDone) refers to main.o(i.UsDelay) for UsDelay
    main.o(i.FlashWriteHalfWord) refers to main.o(i.FlashWaitDone) for FlashWaitDone
    main.o(i.LL_TIM_OC_DisableFast) refers to main.o(.constdata) for .constdata
    main.o(i.LL_TIM_OC_EnablePreload) refers to main.o(.constdata) for .constdata
    main.o(i.MX_GPIO_Init) refers to main.o(i.LL_AHB1_GRP1_EnableClock) for LL_AHB1_GRP1_EnableClock
    main.o(i.MX_GPIO_Init) refers to stm32f0xx_ll_gpio.o(i.LL_GPIO_Init) for LL_GPIO_Init
    main.o(i.MX_GPIO_Init) refers to main.o(i.LL_SYSCFG_SetEXTISource) for LL_SYSCFG_SetEXTISource
    main.o(i.MX_GPIO_Init) refers to main.o(i.LL_GPIO_SetPinPull) for LL_GPIO_SetPinPull
    main.o(i.MX_GPIO_Init) refers to main.o(i.LL_GPIO_SetPinMode) for LL_GPIO_SetPinMode
    main.o(i.MX_GPIO_Init) refers to stm32f0xx_ll_exti.o(i.LL_EXTI_Init) for LL_EXTI_Init
    main.o(i.MX_GPIO_Init) refers to main.o(i.NVIC_SetPriority) for NVIC_SetPriority
    main.o(i.MX_SPI1_Init) refers to main.o(i.LL_APB1_GRP2_EnableClock) for LL_APB1_GRP2_EnableClock
    main.o(i.MX_SPI1_Init) refers to stm32f0xx_ll_gpio.o(i.LL_GPIO_Init) for LL_GPIO_Init
    main.o(i.MX_SPI1_Init) refers to stm32f0xx_ll_spi.o(i.LL_SPI_Init) for LL_SPI_Init
    main.o(i.MX_TIM3_Init) refers to main.o(i.LL_APB1_GRP1_EnableClock) for LL_APB1_GRP1_EnableClock
    main.o(i.MX_TIM3_Init) refers to stm32f0xx_ll_gpio.o(i.LL_GPIO_Init) for LL_GPIO_Init
    main.o(i.MX_TIM3_Init) refers to stm32f0xx_ll_tim.o(i.LL_TIM_Init) for LL_TIM_Init
    main.o(i.MX_TIM3_Init) refers to main.o(i.LL_TIM_OC_EnablePreload) for LL_TIM_OC_EnablePreload
    main.o(i.MX_TIM3_Init) refers to stm32f0xx_ll_tim.o(i.LL_TIM_OC_Init) for LL_TIM_OC_Init
    main.o(i.MX_TIM3_Init) refers to main.o(i.LL_TIM_OC_DisableFast) for LL_TIM_OC_DisableFast
    main.o(i.MX_USART1_UART_Init) refers to main.o(i.LL_APB1_GRP2_EnableClock) for LL_APB1_GRP2_EnableClock
    main.o(i.MX_USART1_UART_Init) refers to stm32f0xx_ll_gpio.o(i.LL_GPIO_Init) for LL_GPIO_Init
    main.o(i.MX_USART1_UART_Init) refers to stm32f0xx_ll_usart.o(i.LL_USART_Init) for LL_USART_Init
    main.o(i.Mod) refers to idiv.o(.text) for __aeabi_idivmod
    main.o(i.OneStep) refers to dflti.o(.text) for __aeabi_i2d
    main.o(i.OneStep) refers to dmul.o(.text) for __aeabi_dmul
    main.o(i.OneStep) refers to d2f.o(.text) for __aeabi_d2f
    main.o(i.OneStep) refers to main.o(i.Output) for Output
    main.o(i.OneStep) refers to stm32f0xx_ll_utils.o(i.LL_mDelay) for LL_mDelay
    main.o(i.OneStep) refers to main.o(.data) for .data
    main.o(i.Output) refers to fmul.o(.text) for __aeabi_fmul
    main.o(i.Output) refers to ffixi.o(.text) for __aeabi_f2iz
    main.o(i.Output) refers to main.o(i.Mod) for Mod
    main.o(i.Output) refers to fadd.o(.text) for __aeabi_fadd
    main.o(i.Output) refers to main.o(.constdata) for .constdata
    main.o(i.PrintShortInt) refers to uidiv.o(.text) for __aeabi_uidivmod
    main.o(i.PrintShortInt) refers to main.o(i.UartPutChar) for UartPutChar
    main.o(i.PrintString) refers to main.o(i.UartPutChar) for UartPutChar
    main.o(i.ReadAngle) refers to main.o(i.ReadValue) for ReadValue
    main.o(i.ReadState) refers to main.o(i.ReadValue) for ReadValue
    main.o(i.SerialCheck) refers to main.o(i.PrintString) for PrintString
    main.o(i.SerialCheck) refers to ffixui.o(.text) for __aeabi_f2uiz
    main.o(i.SerialCheck) refers to main.o(i.PrintShortInt) for PrintShortInt
    main.o(i.SerialCheck) refers to ffltui.o(.text) for __aeabi_ui2f
    main.o(i.SerialCheck) refers to dfltui.o(.text) for __aeabi_ui2d
    main.o(i.SerialCheck) refers to ddiv.o(.text) for __aeabi_ddiv
    main.o(i.SerialCheck) refers to d2f.o(.text) for __aeabi_d2f
    main.o(i.SerialCheck) refers to fmul.o(.text) for __aeabi_fmul
    main.o(i.SerialCheck) refers to main.o(.data) for .data
    main.o(i.SetModeCheck) refers to main.o(i.WriteValue) for WriteValue
    main.o(i.SetModeCheck) refers to main.o(i.ReadState) for ReadState
    main.o(i.SetModeCheck) refers to stm32f0xx_ll_utils.o(i.LL_mDelay) for LL_mDelay
    main.o(i.SetModeCheck) refers to main.o(i.LL_GPIO_IsInputPinSet) for LL_GPIO_IsInputPinSet
    main.o(i.SetModeCheck) refers to main.o(i.CalibrateEncoder) for CalibrateEncoder
    main.o(i.SetModeCheck) refers to main.o(i.ReadValue) for ReadValue
    main.o(i.SetModeCheck) refers to ffltui.o(.text) for __aeabi_ui2f
    main.o(i.SetModeCheck) refers to f2d.o(.text) for __aeabi_f2d
    main.o(i.SetModeCheck) refers to dmul.o(.text) for __aeabi_dmul
    main.o(i.SetModeCheck) refers to dscalb.o(.text) for __ARM_scalbn
    main.o(i.SetModeCheck) refers to d2f.o(.text) for __aeabi_d2f
    main.o(i.SetModeCheck) refers to main.o(.data) for .data
    main.o(i.SystemClock_Config) refers to stm32f0xx_ll_utils.o(i.LL_Init1msTick) for LL_Init1msTick
    main.o(i.SystemClock_Config) refers to stm32f0xx_ll_utils.o(i.LL_SetSystemCoreClock) for LL_SetSystemCoreClock
    main.o(i.SystemClock_Config) refers to main.o(i.NVIC_SetPriority) for NVIC_SetPriority
    main.o(i.main) refers to main.o(i.LL_APB1_GRP2_EnableClock) for LL_APB1_GRP2_EnableClock
    main.o(i.main) refers to main.o(i.NVIC_SetPriority) for NVIC_SetPriority
    main.o(i.main) refers to main.o(i.SystemClock_Config) for SystemClock_Config
    main.o(i.main) refers to main.o(i.MX_GPIO_Init) for MX_GPIO_Init
    main.o(i.main) refers to main.o(i.MX_SPI1_Init) for MX_SPI1_Init
    main.o(i.main) refers to main.o(i.MX_TIM3_Init) for MX_TIM3_Init
    main.o(i.main) refers to main.o(i.MX_USART1_UART_Init) for MX_USART1_UART_Init
    main.o(i.main) refers to stm32f0xx_ll_utils.o(i.LL_mDelay) for LL_mDelay
    main.o(i.main) refers to main.o(i.SetModeCheck) for SetModeCheck
    main.o(i.main) refers to main.o(i.LL_APB1_GRP1_EnableClock) for LL_APB1_GRP1_EnableClock
    main.o(i.main) refers to stm32f0xx_ll_tim.o(i.LL_TIM_Init) for LL_TIM_Init
    main.o(i.main) refers to main.o(i.SerialCheck) for SerialCheck
    system_stm32f0xx.o(i.SystemCoreClockUpdate) refers to uidiv.o(.text) for __aeabi_uidivmod
    system_stm32f0xx.o(i.SystemCoreClockUpdate) refers to system_stm32f0xx.o(.data) for .data
    system_stm32f0xx.o(i.SystemCoreClockUpdate) refers to system_stm32f0xx.o(.constdata) for .constdata
    stm32f0xx_ll_tim.o(i.LL_TIM_DeInit) refers to stm32f0xx_ll_tim.o(i.LL_APB1_GRP2_ForceReset) for LL_APB1_GRP2_ForceReset
    stm32f0xx_ll_tim.o(i.LL_TIM_DeInit) refers to stm32f0xx_ll_tim.o(i.LL_APB1_GRP2_ReleaseReset) for LL_APB1_GRP2_ReleaseReset
    stm32f0xx_ll_tim.o(i.LL_TIM_OC_Init) refers to stm32f0xx_ll_tim.o(i.OC4Config) for OC4Config
    stm32f0xx_ll_tim.o(i.LL_TIM_OC_Init) refers to stm32f0xx_ll_tim.o(i.OC1Config) for OC1Config
    stm32f0xx_ll_tim.o(i.LL_TIM_OC_Init) refers to stm32f0xx_ll_tim.o(i.OC2Config) for OC2Config
    stm32f0xx_ll_tim.o(i.LL_TIM_OC_Init) refers to stm32f0xx_ll_tim.o(i.OC3Config) for OC3Config
    stm32f0xx_ll_dma.o(i.LL_DMA_Init) refers to stm32f0xx_ll_dma.o(.constdata) for .constdata
    stm32f0xx_ll_rcc.o(i.LL_RCC_GetI2CClockFreq) refers to stm32f0xx_ll_rcc.o(i.RCC_GetSystemClockFreq) for RCC_GetSystemClockFreq
    stm32f0xx_ll_rcc.o(i.LL_RCC_GetSystemClocksFreq) refers to stm32f0xx_ll_rcc.o(i.RCC_GetSystemClockFreq) for RCC_GetSystemClockFreq
    stm32f0xx_ll_rcc.o(i.LL_RCC_GetSystemClocksFreq) refers to stm32f0xx_ll_rcc.o(i.RCC_GetHCLKClockFreq) for RCC_GetHCLKClockFreq
    stm32f0xx_ll_rcc.o(i.LL_RCC_GetSystemClocksFreq) refers to stm32f0xx_ll_rcc.o(i.RCC_GetPCLK1ClockFreq) for RCC_GetPCLK1ClockFreq
    stm32f0xx_ll_rcc.o(i.LL_RCC_GetUSARTClockFreq) refers to stm32f0xx_ll_rcc.o(i.RCC_GetSystemClockFreq) for RCC_GetSystemClockFreq
    stm32f0xx_ll_rcc.o(i.LL_RCC_GetUSARTClockFreq) refers to stm32f0xx_ll_rcc.o(i.RCC_GetHCLKClockFreq) for RCC_GetHCLKClockFreq
    stm32f0xx_ll_rcc.o(i.LL_RCC_GetUSARTClockFreq) refers to stm32f0xx_ll_rcc.o(i.RCC_GetPCLK1ClockFreq) for RCC_GetPCLK1ClockFreq
    stm32f0xx_ll_rcc.o(i.RCC_GetHCLKClockFreq) refers to system_stm32f0xx.o(.constdata) for AHBPrescTable
    stm32f0xx_ll_rcc.o(i.RCC_GetPCLK1ClockFreq) refers to system_stm32f0xx.o(.constdata) for APBPrescTable
    stm32f0xx_ll_rcc.o(i.RCC_GetSystemClockFreq) refers to stm32f0xx_ll_rcc.o(i.RCC_PLL_GetFreqDomain_SYS) for RCC_PLL_GetFreqDomain_SYS
    stm32f0xx_ll_rcc.o(i.RCC_PLL_GetFreqDomain_SYS) refers to uidiv.o(.text) for __aeabi_uidivmod
    stm32f0xx_ll_usart.o(i.LL_USART_Init) refers to stm32f0xx_ll_rcc.o(i.LL_RCC_GetUSARTClockFreq) for LL_RCC_GetUSARTClockFreq
    stm32f0xx_ll_usart.o(i.LL_USART_Init) refers to stm32f0xx_ll_rcc.o(i.LL_RCC_GetSystemClocksFreq) for LL_RCC_GetSystemClocksFreq
    stm32f0xx_ll_usart.o(i.LL_USART_Init) refers to uidiv.o(.text) for __aeabi_uidivmod
    stm32f0xx_ll_gpio.o(i.LL_GPIO_DeInit) refers to stm32f0xx_ll_gpio.o(i.LL_AHB1_GRP1_ForceReset) for LL_AHB1_GRP1_ForceReset
    stm32f0xx_ll_gpio.o(i.LL_GPIO_DeInit) refers to stm32f0xx_ll_gpio.o(i.LL_AHB1_GRP1_ReleaseReset) for LL_AHB1_GRP1_ReleaseReset
    stm32f0xx_ll_utils.o(i.LL_Init1msTick) refers to uidiv.o(.text) for __aeabi_uidivmod
    stm32f0xx_ll_utils.o(i.LL_PLL_ConfigSystemClock_HSE) refers to stm32f0xx_ll_utils.o(i.UTILS_PLL_IsBusy) for UTILS_PLL_IsBusy
    stm32f0xx_ll_utils.o(i.LL_PLL_ConfigSystemClock_HSE) refers to stm32f0xx_ll_utils.o(i.UTILS_GetPLLOutputFrequency) for UTILS_GetPLLOutputFrequency
    stm32f0xx_ll_utils.o(i.LL_PLL_ConfigSystemClock_HSE) refers to stm32f0xx_ll_utils.o(i.LL_RCC_PLL_ConfigDomain_SYS) for LL_RCC_PLL_ConfigDomain_SYS
    stm32f0xx_ll_utils.o(i.LL_PLL_ConfigSystemClock_HSE) refers to stm32f0xx_ll_utils.o(i.UTILS_EnablePLLAndSwitchSystem) for UTILS_EnablePLLAndSwitchSystem
    stm32f0xx_ll_utils.o(i.LL_PLL_ConfigSystemClock_HSI) refers to stm32f0xx_ll_utils.o(i.UTILS_PLL_IsBusy) for UTILS_PLL_IsBusy
    stm32f0xx_ll_utils.o(i.LL_PLL_ConfigSystemClock_HSI) refers to stm32f0xx_ll_utils.o(i.UTILS_GetPLLOutputFrequency) for UTILS_GetPLLOutputFrequency
    stm32f0xx_ll_utils.o(i.LL_PLL_ConfigSystemClock_HSI) refers to stm32f0xx_ll_utils.o(i.LL_RCC_PLL_ConfigDomain_SYS) for LL_RCC_PLL_ConfigDomain_SYS
    stm32f0xx_ll_utils.o(i.LL_PLL_ConfigSystemClock_HSI) refers to stm32f0xx_ll_utils.o(i.UTILS_EnablePLLAndSwitchSystem) for UTILS_EnablePLLAndSwitchSystem
    stm32f0xx_ll_utils.o(i.LL_SetSystemCoreClock) refers to system_stm32f0xx.o(.data) for SystemCoreClock
    stm32f0xx_ll_utils.o(i.UTILS_EnablePLLAndSwitchSystem) refers to stm32f0xx_ll_utils.o(i.UTILS_SetFlashLatency) for UTILS_SetFlashLatency
    stm32f0xx_ll_utils.o(i.UTILS_EnablePLLAndSwitchSystem) refers to system_stm32f0xx.o(.constdata) for AHBPrescTable
    stm32f0xx_ll_utils.o(i.UTILS_EnablePLLAndSwitchSystem) refers to system_stm32f0xx.o(.data) for SystemCoreClock
    stm32f0xx_ll_utils.o(i.UTILS_GetPLLOutputFrequency) refers to uidiv.o(.text) for __aeabi_uidivmod
    roundf.o(i.roundf) refers (Special) to iusefp.o(.text) for __I$use$fp
    roundf.o(i.roundf) refers to frnd.o(.text) for _frnd
    roundf.o(i.roundf) refers to fadd.o(.text) for __aeabi_fsub
    entry.o(.ARM.Collect$$$$00000000) refers (Special) to entry10a.o(.ARM.Collect$$$$0000000D) for __rt_final_cpp
    entry.o(.ARM.Collect$$$$00000000) refers (Special) to entry11a.o(.ARM.Collect$$$$0000000F) for __rt_final_exit
    entry.o(.ARM.Collect$$$$00000000) refers (Special) to entry7b.o(.ARM.Collect$$$$00000008) for _main_clock
    entry.o(.ARM.Collect$$$$00000000) refers (Special) to entry8b.o(.ARM.Collect$$$$0000000A) for _main_cpp_init
    entry.o(.ARM.Collect$$$$00000000) refers (Special) to entry9a.o(.ARM.Collect$$$$0000000B) for _main_init
    entry.o(.ARM.Collect$$$$00000000) refers (Special) to entry5.o(.ARM.Collect$$$$00000004) for _main_scatterload
    entry.o(.ARM.Collect$$$$00000000) refers (Special) to entry2.o(.ARM.Collect$$$$00000001) for _main_stk
    idiv.o(.text) refers to uidiv.o(.text) for __aeabi_uidivmod
    fadd.o(.text) refers (Special) to iusefp.o(.text) for __I$use$fp
    fadd.o(.text) refers to fepilogue.o(.text) for _float_epilogue
    fmul.o(.text) refers (Special) to iusefp.o(.text) for __I$use$fp
    dadd.o(.text) refers (Special) to iusefp.o(.text) for __I$use$fp
    dadd.o(.text) refers to llshl.o(.text) for __aeabi_llsl
    dadd.o(.text) refers to llsshr.o(.text) for __aeabi_lasr
    dadd.o(.text) refers to depilogue.o(.text) for _double_epilogue
    dmul.o(.text) refers (Special) to iusefp.o(.text) for __I$use$fp
    dmul.o(.text) refers to depilogue.o(.text) for _double_epilogue
    ddiv.o(.text) refers (Special) to iusefp.o(.text) for __I$use$fp
    ddiv.o(.text) refers to depilogue.o(.text) for _double_round
    dscalb.o(.text) refers (Special) to iusefp.o(.text) for __I$use$fp
    fflti.o(.text) refers (Special) to iusefp.o(.text) for __I$use$fp
    fflti.o(.text) refers to fepilogue.o(.text) for _float_epilogue
    ffltui.o(.text) refers (Special) to iusefp.o(.text) for __I$use$fp
    ffltui.o(.text) refers to fepilogue.o(.text) for _float_epilogue
    dflti.o(.text) refers (Special) to iusefp.o(.text) for __I$use$fp
    dflti.o(.text) refers to depilogue.o(.text) for _double_epilogue
    dfltui.o(.text) refers (Special) to iusefp.o(.text) for __I$use$fp
    dfltui.o(.text) refers to depilogue.o(.text) for _double_epilogue
    ffixi.o(.text) refers (Special) to iusefp.o(.text) for __I$use$fp
    ffixui.o(.text) refers (Special) to iusefp.o(.text) for __I$use$fp
    f2d.o(.text) refers (Special) to iusefp.o(.text) for __I$use$fp
    d2f.o(.text) refers (Special) to iusefp.o(.text) for __I$use$fp
    d2f.o(.text) refers to fepilogue.o(.text) for _float_round
    cfcmple.o(.text) refers (Special) to iusefp.o(.text) for __I$use$fp
    cfrcmple.o(.text) refers (Special) to iusefp.o(.text) for __I$use$fp
    entry2.o(.ARM.Collect$$$$00000001) refers to entry2.o(.ARM.Collect$$$$00002712) for __lit__00000000
    entry2.o(.ARM.Collect$$$$00002712) refers to startup_stm32f030x8.o(STACK) for __initial_sp
    entry2.o(__vectab_stack_and_reset_area) refers to startup_stm32f030x8.o(STACK) for __initial_sp
    entry2.o(__vectab_stack_and_reset_area) refers to entry.o(.ARM.Collect$$$$00000000) for __main
    entry5.o(.ARM.Collect$$$$00000004) refers to init.o(.text) for __scatterload
    entry9a.o(.ARM.Collect$$$$0000000B) refers to main.o(i.main) for main
    entry9b.o(.ARM.Collect$$$$0000000C) refers to main.o(i.main) for main
    frnd.o(.text) refers to fepilogue.o(.text) for _float_round
    depilogue.o(.text) refers to depilogue.o(i.__ARM_clz) for __ARM_clz
    depilogue.o(.text) refers to llshl.o(.text) for __aeabi_llsl
    depilogue.o(.text) refers to llushr.o(.text) for __aeabi_llsr
    init.o(.text) refers to entry5.o(.ARM.Collect$$$$00000004) for __main_after_scatterload


==============================================================================

Removing Unused input sections from the image.

    Removing startup_stm32f030x8.o(HEAP), (512 bytes).
    Removing stm32f0xx_it.o(.rev16_text), (4 bytes).
    Removing stm32f0xx_it.o(.revsh_text), (4 bytes).
    Removing main.o(.rev16_text), (4 bytes).
    Removing main.o(.revsh_text), (4 bytes).
    Removing main.o(i.FlashReadHalfWord), (4 bytes).
    Removing main.o(i._Error_Handler), (2 bytes).
    Removing main.o(.data), (4 bytes).
    Removing main.o(.data), (4 bytes).
    Removing system_stm32f0xx.o(.rev16_text), (4 bytes).
    Removing system_stm32f0xx.o(.revsh_text), (4 bytes).
    Removing system_stm32f0xx.o(i.SystemCoreClockUpdate), (108 bytes).
    Removing stm32f0xx_ll_tim.o(.rev16_text), (4 bytes).
    Removing stm32f0xx_ll_tim.o(.revsh_text), (4 bytes).
    Removing stm32f0xx_ll_tim.o(i.LL_APB1_GRP2_ForceReset), (16 bytes).
    Removing stm32f0xx_ll_tim.o(i.LL_APB1_GRP2_ReleaseReset), (16 bytes).
    Removing stm32f0xx_ll_tim.o(i.LL_TIM_BDTR_Init), (74 bytes).
    Removing stm32f0xx_ll_tim.o(i.LL_TIM_BDTR_StructInit), (18 bytes).
    Removing stm32f0xx_ll_tim.o(i.LL_TIM_DeInit), (156 bytes).
    Removing stm32f0xx_ll_tim.o(i.LL_TIM_ENCODER_Init), (96 bytes).
    Removing stm32f0xx_ll_tim.o(i.LL_TIM_ENCODER_StructInit), (28 bytes).
    Removing stm32f0xx_ll_tim.o(i.LL_TIM_HALLSENSOR_Init), (88 bytes).
    Removing stm32f0xx_ll_tim.o(i.LL_TIM_HALLSENSOR_StructInit), (12 bytes).
    Removing stm32f0xx_ll_tim.o(i.LL_TIM_IC_Init), (216 bytes).
    Removing stm32f0xx_ll_tim.o(i.LL_TIM_IC_StructInit), (14 bytes).
    Removing stm32f0xx_ll_tim.o(i.LL_TIM_OC_StructInit), (20 bytes).
    Removing stm32f0xx_ll_tim.o(i.LL_TIM_StructInit), (16 bytes).
    Removing stm32f0xx_ll_pwr.o(.rev16_text), (4 bytes).
    Removing stm32f0xx_ll_pwr.o(.revsh_text), (4 bytes).
    Removing stm32f0xx_ll_pwr.o(i.LL_PWR_DeInit), (28 bytes).
    Removing stm32f0xx_ll_spi.o(.rev16_text), (4 bytes).
    Removing stm32f0xx_ll_spi.o(.revsh_text), (4 bytes).
    Removing stm32f0xx_ll_spi.o(i.LL_SPI_DeInit), (68 bytes).
    Removing stm32f0xx_ll_spi.o(i.LL_SPI_StructInit), (30 bytes).
    Removing stm32f0xx_ll_dma.o(.rev16_text), (4 bytes).
    Removing stm32f0xx_ll_dma.o(.revsh_text), (4 bytes).
    Removing stm32f0xx_ll_dma.o(i.LL_DMA_DeInit), (124 bytes).
    Removing stm32f0xx_ll_dma.o(i.LL_DMA_Init), (92 bytes).
    Removing stm32f0xx_ll_dma.o(i.LL_DMA_StructInit), (24 bytes).
    Removing stm32f0xx_ll_dma.o(.constdata), (5 bytes).
    Removing stm32f0xx_ll_rcc.o(.rev16_text), (4 bytes).
    Removing stm32f0xx_ll_rcc.o(.revsh_text), (4 bytes).
    Removing stm32f0xx_ll_rcc.o(i.LL_RCC_DeInit), (100 bytes).
    Removing stm32f0xx_ll_rcc.o(i.LL_RCC_GetI2CClockFreq), (48 bytes).
    Removing stm32f0xx_ll_usart.o(.rev16_text), (4 bytes).
    Removing stm32f0xx_ll_usart.o(.revsh_text), (4 bytes).
    Removing stm32f0xx_ll_usart.o(i.LL_USART_ClockInit), (60 bytes).
    Removing stm32f0xx_ll_usart.o(i.LL_USART_ClockStructInit), (12 bytes).
    Removing stm32f0xx_ll_usart.o(i.LL_USART_DeInit), (68 bytes).
    Removing stm32f0xx_ll_usart.o(i.LL_USART_StructInit), (24 bytes).
    Removing stm32f0xx_ll_exti.o(.rev16_text), (4 bytes).
    Removing stm32f0xx_ll_exti.o(.revsh_text), (4 bytes).
    Removing stm32f0xx_ll_exti.o(i.LL_EXTI_DeInit), (36 bytes).
    Removing stm32f0xx_ll_exti.o(i.LL_EXTI_StructInit), (14 bytes).
    Removing stm32f0xx_ll_gpio.o(.rev16_text), (4 bytes).
    Removing stm32f0xx_ll_gpio.o(.revsh_text), (4 bytes).
    Removing stm32f0xx_ll_gpio.o(i.LL_AHB1_GRP1_ForceReset), (16 bytes).
    Removing stm32f0xx_ll_gpio.o(i.LL_AHB1_GRP1_ReleaseReset), (16 bytes).
    Removing stm32f0xx_ll_gpio.o(i.LL_GPIO_DeInit), (96 bytes).
    Removing stm32f0xx_ll_gpio.o(i.LL_GPIO_StructInit), (24 bytes).
    Removing stm32f0xx_ll_utils.o(.rev16_text), (4 bytes).
    Removing stm32f0xx_ll_utils.o(.revsh_text), (4 bytes).
    Removing stm32f0xx_ll_utils.o(i.LL_PLL_ConfigSystemClock_HSE), (104 bytes).
    Removing stm32f0xx_ll_utils.o(i.LL_PLL_ConfigSystemClock_HSI), (84 bytes).
    Removing stm32f0xx_ll_utils.o(i.LL_RCC_PLL_ConfigDomain_SYS), (44 bytes).
    Removing stm32f0xx_ll_utils.o(i.UTILS_EnablePLLAndSwitchSystem), (152 bytes).
    Removing stm32f0xx_ll_utils.o(i.UTILS_GetPLLOutputFrequency), (24 bytes).
    Removing stm32f0xx_ll_utils.o(i.UTILS_PLL_IsBusy), (20 bytes).
    Removing stm32f0xx_ll_utils.o(i.UTILS_SetFlashLatency), (52 bytes).

69 unused section(s) (total 2865 bytes) removed from the image.

==============================================================================

Image Symbol Table

    Local Symbols

    Symbol Name                              Value     Ov Type        Size  Object(Section)

    ..//Src/system_stm32f0xx.c               0x00000000   Number         0  system_stm32f0xx.o ABSOLUTE
    ../Drivers/STM32F0xx_HAL_Driver/Src/stm32f0xx_ll_dma.c 0x00000000   Number         0  stm32f0xx_ll_dma.o ABSOLUTE
    ../Drivers/STM32F0xx_HAL_Driver/Src/stm32f0xx_ll_exti.c 0x00000000   Number         0  stm32f0xx_ll_exti.o ABSOLUTE
    ../Drivers/STM32F0xx_HAL_Driver/Src/stm32f0xx_ll_gpio.c 0x00000000   Number         0  stm32f0xx_ll_gpio.o ABSOLUTE
    ../Drivers/STM32F0xx_HAL_Driver/Src/stm32f0xx_ll_pwr.c 0x00000000   Number         0  stm32f0xx_ll_pwr.o ABSOLUTE
    ../Drivers/STM32F0xx_HAL_Driver/Src/stm32f0xx_ll_rcc.c 0x00000000   Number         0  stm32f0xx_ll_rcc.o ABSOLUTE
    ../Drivers/STM32F0xx_HAL_Driver/Src/stm32f0xx_ll_spi.c 0x00000000   Number         0  stm32f0xx_ll_spi.o ABSOLUTE
    ../Drivers/STM32F0xx_HAL_Driver/Src/stm32f0xx_ll_tim.c 0x00000000   Number         0  stm32f0xx_ll_tim.o ABSOLUTE
    ../Drivers/STM32F0xx_HAL_Driver/Src/stm32f0xx_ll_usart.c 0x00000000   Number         0  stm32f0xx_ll_usart.o ABSOLUTE
    ../Drivers/STM32F0xx_HAL_Driver/Src/stm32f0xx_ll_utils.c 0x00000000   Number         0  stm32f0xx_ll_utils.o ABSOLUTE
    ../Src/main.c                            0x00000000   Number         0  main.o ABSOLUTE
    ../Src/stm32f0xx_it.c                    0x00000000   Number         0  stm32f0xx_it.o ABSOLUTE
    ../clib/microlib/division.c              0x00000000   Number         0  uidiv.o ABSOLUTE
    ../clib/microlib/division.c              0x00000000   Number         0  idiv.o ABSOLUTE
    ../clib/microlib/init/entry.s            0x00000000   Number         0  entry11b.o ABSOLUTE
    ../clib/microlib/init/entry.s            0x00000000   Number         0  entry9b.o ABSOLUTE
    ../clib/microlib/init/entry.s            0x00000000   Number         0  entry10b.o ABSOLUTE
    ../clib/microlib/init/entry.s            0x00000000   Number         0  entry2.o ABSOLUTE
    ../clib/microlib/init/entry.s            0x00000000   Number         0  entry5.o ABSOLUTE
    ../clib/microlib/init/entry.s            0x00000000   Number         0  entry7a.o ABSOLUTE
    ../clib/microlib/init/entry.s            0x00000000   Number         0  entry7b.o ABSOLUTE
    ../clib/microlib/init/entry.s            0x00000000   Number         0  entry8a.o ABSOLUTE
    ../clib/microlib/init/entry.s            0x00000000   Number         0  entry8b.o ABSOLUTE
    ../clib/microlib/init/entry.s            0x00000000   Number         0  entry9a.o ABSOLUTE
    ../clib/microlib/init/entry.s            0x00000000   Number         0  entry10a.o ABSOLUTE
    ../clib/microlib/init/entry.s            0x00000000   Number         0  entry.o ABSOLUTE
    ../clib/microlib/init/entry.s            0x00000000   Number         0  entry11a.o ABSOLUTE
    ../clib/microlib/longlong.c              0x00000000   Number         0  llushr.o ABSOLUTE
    ../clib/microlib/longlong.c              0x00000000   Number         0  llsshr.o ABSOLUTE
    ../clib/microlib/longlong.c              0x00000000   Number         0  llshl.o ABSOLUTE
    ../clib/microlib/stubs.s                 0x00000000   Number         0  iusefp.o ABSOLUTE
    ../fplib/microlib/d2f.c                  0x00000000   Number         0  d2f.o ABSOLUTE
    ../fplib/microlib/f2d.c                  0x00000000   Number         0  f2d.o ABSOLUTE
    ../fplib/microlib/fpadd.c                0x00000000   Number         0  fadd.o ABSOLUTE
    ../fplib/microlib/fpadd.c                0x00000000   Number         0  dadd.o ABSOLUTE
    ../fplib/microlib/fpdiv.c                0x00000000   Number         0  ddiv.o ABSOLUTE
    ../fplib/microlib/fpepilogue.c           0x00000000   Number         0  fepilogue.o ABSOLUTE
    ../fplib/microlib/fpepilogue.c           0x00000000   Number         0  depilogue.o ABSOLUTE
    ../fplib/microlib/fpfix.c                0x00000000   Number         0  ffixui.o ABSOLUTE
    ../fplib/microlib/fpfix.c                0x00000000   Number         0  ffixi.o ABSOLUTE
    ../fplib/microlib/fpflt.c                0x00000000   Number         0  fflti.o ABSOLUTE
    ../fplib/microlib/fpflt.c                0x00000000   Number         0  dflti.o ABSOLUTE
    ../fplib/microlib/fpflt.c                0x00000000   Number         0  dfltui.o ABSOLUTE
    ../fplib/microlib/fpflt.c                0x00000000   Number         0  ffltui.o ABSOLUTE
    ../fplib/microlib/fpmul.c                0x00000000   Number         0  fmul.o ABSOLUTE
    ../fplib/microlib/fpmul.c                0x00000000   Number         0  dmul.o ABSOLUTE
    ../fplib/microlib/fprnd.c                0x00000000   Number         0  frnd.o ABSOLUTE
    ../fplib/microlib/fpscalb.c              0x00000000   Number         0  dscalb.o ABSOLUTE
    ../mathlib/round.c                       0x00000000   Number         0  roundf.o ABSOLUTE
    ..\Drivers\STM32F0xx_HAL_Driver\Src\stm32f0xx_ll_dma.c 0x00000000   Number         0  stm32f0xx_ll_dma.o ABSOLUTE
    ..\Drivers\STM32F0xx_HAL_Driver\Src\stm32f0xx_ll_exti.c 0x00000000   Number         0  stm32f0xx_ll_exti.o ABSOLUTE
    ..\Drivers\STM32F0xx_HAL_Driver\Src\stm32f0xx_ll_gpio.c 0x00000000   Number         0  stm32f0xx_ll_gpio.o ABSOLUTE
    ..\Drivers\STM32F0xx_HAL_Driver\Src\stm32f0xx_ll_pwr.c 0x00000000   Number         0  stm32f0xx_ll_pwr.o ABSOLUTE
    ..\Drivers\STM32F0xx_HAL_Driver\Src\stm32f0xx_ll_rcc.c 0x00000000   Number         0  stm32f0xx_ll_rcc.o ABSOLUTE
    ..\Drivers\STM32F0xx_HAL_Driver\Src\stm32f0xx_ll_spi.c 0x00000000   Number         0  stm32f0xx_ll_spi.o ABSOLUTE
    ..\Drivers\STM32F0xx_HAL_Driver\Src\stm32f0xx_ll_tim.c 0x00000000   Number         0  stm32f0xx_ll_tim.o ABSOLUTE
    ..\Drivers\STM32F0xx_HAL_Driver\Src\stm32f0xx_ll_usart.c 0x00000000   Number         0  stm32f0xx_ll_usart.o ABSOLUTE
    ..\Drivers\STM32F0xx_HAL_Driver\Src\stm32f0xx_ll_utils.c 0x00000000   Number         0  stm32f0xx_ll_utils.o ABSOLUTE
    ..\Src\main.c                            0x00000000   Number         0  main.o ABSOLUTE
    ..\Src\stm32f0xx_it.c                    0x00000000   Number         0  stm32f0xx_it.o ABSOLUTE
    ..\\Src\system_stm32f0xx.c               0x00000000   Number         0  system_stm32f0xx.o ABSOLUTE
    cfcmple.s                                0x00000000   Number         0  cfcmple.o ABSOLUTE
    cfrcmple.s                               0x00000000   Number         0  cfrcmple.o ABSOLUTE
    dc.s                                     0x00000000   Number         0  dc.o ABSOLUTE
    handlers.s                               0x00000000   Number         0  handlers.o ABSOLUTE
    init.s                                   0x00000000   Number         0  init.o ABSOLUTE
    startup_stm32f030x8.s                    0x00000000   Number         0  startup_stm32f030x8.o ABSOLUTE
    RESET                                    0x08000000   Section      180  startup_stm32f030x8.o(RESET)
    .ARM.Collect$$$$00000000                 0x080000b4   Section        0  entry.o(.ARM.Collect$$$$00000000)
    .ARM.Collect$$$$00000001                 0x080000b4   Section        4  entry2.o(.ARM.Collect$$$$00000001)
    .ARM.Collect$$$$00000004                 0x080000b8   Section        4  entry5.o(.ARM.Collect$$$$00000004)
    .ARM.Collect$$$$00000008                 0x080000bc   Section        0  entry7b.o(.ARM.Collect$$$$00000008)
    .ARM.Collect$$$$0000000A                 0x080000bc   Section        0  entry8b.o(.ARM.Collect$$$$0000000A)
    .ARM.Collect$$$$0000000B                 0x080000bc   Section        8  entry9a.o(.ARM.Collect$$$$0000000B)
    .ARM.Collect$$$$0000000D                 0x080000c4   Section        0  entry10a.o(.ARM.Collect$$$$0000000D)
    .ARM.Collect$$$$0000000F                 0x080000c4   Section        0  entry11a.o(.ARM.Collect$$$$0000000F)
    .ARM.Collect$$$$00002712                 0x080000c4   Section        4  entry2.o(.ARM.Collect$$$$00002712)
    __lit__00000000                          0x080000c4   Data           4  entry2.o(.ARM.Collect$$$$00002712)
    .text                                    0x080000c8   Section       28  startup_stm32f030x8.o(.text)
    .text                                    0x080000e4   Section        0  uidiv.o(.text)
    .text                                    0x08000110   Section        0  idiv.o(.text)
    .text                                    0x08000138   Section        0  fadd.o(.text)
    .text                                    0x080001ea   Section        0  fmul.o(.text)
    .text                                    0x08000264   Section        0  dadd.o(.text)
    .text                                    0x080003c8   Section        0  dmul.o(.text)
    .text                                    0x08000498   Section        0  ddiv.o(.text)
    .text                                    0x08000588   Section        0  dscalb.o(.text)
    .text                                    0x080005b4   Section        0  fflti.o(.text)
    .text                                    0x080005ca   Section        0  ffltui.o(.text)
    .text                                    0x080005d8   Section        0  dflti.o(.text)
    .text                                    0x08000600   Section        0  dfltui.o(.text)
    .text                                    0x0800061c   Section        0  ffixi.o(.text)
    .text                                    0x0800064e   Section        0  ffixui.o(.text)
    .text                                    0x08000676   Section        0  f2d.o(.text)
    .text                                    0x0800069e   Section        0  d2f.o(.text)
    .text                                    0x080006d8   Section       20  cfcmple.o(.text)
    .text                                    0x080006ec   Section       20  cfrcmple.o(.text)
    .text                                    0x08000700   Section        0  llshl.o(.text)
    .text                                    0x08000720   Section        0  llsshr.o(.text)
    .text                                    0x08000746   Section        0  fepilogue.o(.text)
    .text                                    0x08000746   Section        0  iusefp.o(.text)
    .text                                    0x080007c8   Section        0  frnd.o(.text)
    .text                                    0x08000806   Section        0  depilogue.o(.text)
    .text                                    0x080008c4   Section       36  init.o(.text)
    .text                                    0x080008e8   Section        0  llushr.o(.text)
    i.CalibrateEncoder                       0x0800090c   Section        0  main.o(i.CalibrateEncoder)
    i.EXTI0_1_IRQHandler                     0x08000bc4   Section        0  stm32f0xx_it.o(i.EXTI0_1_IRQHandler)
    i.EXTI2_3_IRQHandler                     0x08000c28   Section        0  stm32f0xx_it.o(i.EXTI2_3_IRQHandler)
    i.FlashErase32K                          0x08000c6c   Section        0  main.o(i.FlashErase32K)
    i.FlashErasePage                         0x08000db0   Section        0  main.o(i.FlashErasePage)
    i.FlashGetStatus                         0x08000df0   Section        0  main.o(i.FlashGetStatus)
    i.FlashLock                              0x08000e14   Section        0  main.o(i.FlashLock)
    i.FlashUnlock                            0x08000e24   Section        0  main.o(i.FlashUnlock)
    i.FlashWaitDone                          0x08000e3c   Section        0  main.o(i.FlashWaitDone)
    i.FlashWriteHalfWord                     0x08000e60   Section        0  main.o(i.FlashWriteHalfWord)
    i.HardFault_Handler                      0x08000e94   Section        0  stm32f0xx_it.o(i.HardFault_Handler)
    i.LL_AHB1_GRP1_EnableClock               0x08000e98   Section        0  main.o(i.LL_AHB1_GRP1_EnableClock)
    LL_AHB1_GRP1_EnableClock                 0x08000e99   Thumb Code    18  main.o(i.LL_AHB1_GRP1_EnableClock)
    i.LL_APB1_GRP1_EnableClock               0x08000eb0   Section        0  main.o(i.LL_APB1_GRP1_EnableClock)
    LL_APB1_GRP1_EnableClock                 0x08000eb1   Thumb Code    18  main.o(i.LL_APB1_GRP1_EnableClock)
    i.LL_APB1_GRP2_EnableClock               0x08000ec8   Section        0  main.o(i.LL_APB1_GRP2_EnableClock)
    LL_APB1_GRP2_EnableClock                 0x08000ec9   Thumb Code    18  main.o(i.LL_APB1_GRP2_EnableClock)
    i.LL_EXTI_Init                           0x08000ee0   Section        0  stm32f0xx_ll_exti.o(i.LL_EXTI_Init)
    i.LL_EXTI_IsActiveFlag_0_31              0x08000f80   Section        0  stm32f0xx_it.o(i.LL_EXTI_IsActiveFlag_0_31)
    LL_EXTI_IsActiveFlag_0_31                0x08000f81   Thumb Code    16  stm32f0xx_it.o(i.LL_EXTI_IsActiveFlag_0_31)
    i.LL_GPIO_Init                           0x08000f94   Section        0  stm32f0xx_ll_gpio.o(i.LL_GPIO_Init)
    i.LL_GPIO_IsInputPinSet                  0x0800103c   Section        0  stm32f0xx_it.o(i.LL_GPIO_IsInputPinSet)
    LL_GPIO_IsInputPinSet                    0x0800103d   Thumb Code    14  stm32f0xx_it.o(i.LL_GPIO_IsInputPinSet)
    i.LL_GPIO_IsInputPinSet                  0x0800104a   Section        0  main.o(i.LL_GPIO_IsInputPinSet)
    LL_GPIO_IsInputPinSet                    0x0800104b   Thumb Code    14  main.o(i.LL_GPIO_IsInputPinSet)
    i.LL_GPIO_SetPinMode                     0x08001058   Section        0  main.o(i.LL_GPIO_SetPinMode)
    LL_GPIO_SetPinMode                       0x08001059   Thumb Code    20  main.o(i.LL_GPIO_SetPinMode)
    i.LL_GPIO_SetPinPull                     0x0800106c   Section        0  main.o(i.LL_GPIO_SetPinPull)
    LL_GPIO_SetPinPull                       0x0800106d   Thumb Code    20  main.o(i.LL_GPIO_SetPinPull)
    i.LL_Init1msTick                         0x08001080   Section        0  stm32f0xx_ll_utils.o(i.LL_Init1msTick)
    i.LL_RCC_GetSystemClocksFreq             0x080010a0   Section        0  stm32f0xx_ll_rcc.o(i.LL_RCC_GetSystemClocksFreq)
    i.LL_RCC_GetUSARTClockFreq               0x080010b8   Section        0  stm32f0xx_ll_rcc.o(i.LL_RCC_GetUSARTClockFreq)
    i.LL_SPI_Init                            0x0800110c   Section        0  stm32f0xx_ll_spi.o(i.LL_SPI_Init)
    i.LL_SYSCFG_SetEXTISource                0x08001170   Section        0  main.o(i.LL_SYSCFG_SetEXTISource)
    LL_SYSCFG_SetEXTISource                  0x08001171   Thumb Code    28  main.o(i.LL_SYSCFG_SetEXTISource)
    i.LL_SetSystemCoreClock                  0x08001190   Section        0  stm32f0xx_ll_utils.o(i.LL_SetSystemCoreClock)
    i.LL_TIM_Init                            0x0800119c   Section        0  stm32f0xx_ll_tim.o(i.LL_TIM_Init)
    i.LL_TIM_OC_DisableFast                  0x08001220   Section        0  main.o(i.LL_TIM_OC_DisableFast)
    LL_TIM_OC_DisableFast                    0x08001221   Thumb Code    82  main.o(i.LL_TIM_OC_DisableFast)
    i.LL_TIM_OC_EnablePreload                0x08001278   Section        0  main.o(i.LL_TIM_OC_EnablePreload)
    LL_TIM_OC_EnablePreload                  0x08001279   Thumb Code    82  main.o(i.LL_TIM_OC_EnablePreload)
    i.LL_TIM_OC_Init                         0x080012d0   Section        0  stm32f0xx_ll_tim.o(i.LL_TIM_OC_Init)
    i.LL_USART_Init                          0x08001314   Section        0  stm32f0xx_ll_usart.o(i.LL_USART_Init)
    i.LL_mDelay                              0x080013c0   Section        0  stm32f0xx_ll_utils.o(i.LL_mDelay)
    i.MX_GPIO_Init                           0x080013e0   Section        0  main.o(i.MX_GPIO_Init)
    MX_GPIO_Init                             0x080013e1   Thumb Code   406  main.o(i.MX_GPIO_Init)
    i.MX_SPI1_Init                           0x08001580   Section        0  main.o(i.MX_SPI1_Init)
    MX_SPI1_Init                             0x08001581   Thumb Code   144  main.o(i.MX_SPI1_Init)
    i.MX_TIM3_Init                           0x08001614   Section        0  main.o(i.MX_TIM3_Init)
    MX_TIM3_Init                             0x08001615   Thumb Code   202  main.o(i.MX_TIM3_Init)
    i.MX_USART1_UART_Init                    0x080016ec   Section        0  main.o(i.MX_USART1_UART_Init)
    MX_USART1_UART_Init                      0x080016ed   Thumb Code   138  main.o(i.MX_USART1_UART_Init)
    i.Mod                                    0x0800177c   Section        0  main.o(i.Mod)
    i.NMI_Handler                            0x0800178c   Section        0  stm32f0xx_it.o(i.NMI_Handler)
    i.NVIC_SetPriority                       0x08001790   Section        0  main.o(i.NVIC_SetPriority)
    NVIC_SetPriority                         0x08001791   Thumb Code    60  main.o(i.NVIC_SetPriority)
    i.OC1Config                              0x080017d4   Section        0  stm32f0xx_ll_tim.o(i.OC1Config)
    OC1Config                                0x080017d5   Thumb Code   124  stm32f0xx_ll_tim.o(i.OC1Config)
    i.OC2Config                              0x08001860   Section        0  stm32f0xx_ll_tim.o(i.OC2Config)
    OC2Config                                0x08001861   Thumb Code   128  stm32f0xx_ll_tim.o(i.OC2Config)
    i.OC3Config                              0x080018f0   Section        0  stm32f0xx_ll_tim.o(i.OC3Config)
    OC3Config                                0x080018f1   Thumb Code   134  stm32f0xx_ll_tim.o(i.OC3Config)
    i.OC4Config                              0x08001988   Section        0  stm32f0xx_ll_tim.o(i.OC4Config)
    OC4Config                                0x08001989   Thumb Code    98  stm32f0xx_ll_tim.o(i.OC4Config)
    i.OneStep                                0x080019fc   Section        0  main.o(i.OneStep)
    i.Output                                 0x08001a40   Section        0  main.o(i.Output)
    i.PendSV_Handler                         0x08001ae8   Section        0  stm32f0xx_it.o(i.PendSV_Handler)
    i.PrintShortInt                          0x08001aea   Section        0  main.o(i.PrintShortInt)
    i.PrintString                            0x08001b24   Section        0  main.o(i.PrintString)
    i.RCC_GetHCLKClockFreq                   0x08001b38   Section        0  stm32f0xx_ll_rcc.o(i.RCC_GetHCLKClockFreq)
    i.RCC_GetPCLK1ClockFreq                  0x08001b54   Section        0  stm32f0xx_ll_rcc.o(i.RCC_GetPCLK1ClockFreq)
    i.RCC_GetSystemClockFreq                 0x08001b6c   Section        0  stm32f0xx_ll_rcc.o(i.RCC_GetSystemClockFreq)
    i.RCC_PLL_GetFreqDomain_SYS              0x08001b90   Section        0  stm32f0xx_ll_rcc.o(i.RCC_PLL_GetFreqDomain_SYS)
    i.ReadAngle                              0x08001bcc   Section        0  main.o(i.ReadAngle)
    i.ReadState                              0x08001bdc   Section        0  main.o(i.ReadState)
    i.ReadValue                              0x08001bec   Section        0  main.o(i.ReadValue)
    i.SVC_Handler                            0x08001c44   Section        0  stm32f0xx_it.o(i.SVC_Handler)
    i.SerialCheck                            0x08001c48   Section        0  main.o(i.SerialCheck)
    i.SetModeCheck                           0x08001e2c   Section        0  main.o(i.SetModeCheck)
    i.SysTick_Handler                        0x08001f54   Section        0  stm32f0xx_it.o(i.SysTick_Handler)
    i.SystemClock_Config                     0x08001f58   Section        0  main.o(i.SystemClock_Config)
    i.SystemInit                             0x08002028   Section        0  system_stm32f0xx.o(i.SystemInit)
    i.TIM6_IRQHandler                        0x08002084   Section        0  stm32f0xx_it.o(i.TIM6_IRQHandler)
    i.UartPutChar                            0x080022fc   Section        0  main.o(i.UartPutChar)
    i.UsDelay                                0x08002318   Section        0  main.o(i.UsDelay)
    i.WriteValue                             0x0800232c   Section        0  main.o(i.WriteValue)
    i.__ARM_clz                              0x0800236c   Section        0  depilogue.o(i.__ARM_clz)
    i.__scatterload_copy                     0x0800239a   Section       14  handlers.o(i.__scatterload_copy)
    i.__scatterload_null                     0x080023a8   Section        2  handlers.o(i.__scatterload_null)
    i.__scatterload_zeroinit                 0x080023aa   Section       14  handlers.o(i.__scatterload_zeroinit)
    i.main                                   0x080023b8   Section        0  main.o(i.main)
    i.roundf                                 0x0800247c   Section        0  roundf.o(i.roundf)
    .constdata                               0x080024f0   Section    14420  main.o(.constdata)
    OFFSET_TAB_CCMRx                         0x080024f0   Data           7  main.o(.constdata)
    SHIFT_TAB_OCxx                           0x080024f7   Data           7  main.o(.constdata)
    .constdata                               0x08005d44   Section        4  main.o(.constdata)
    .constdata                               0x08005d48   Section        4  main.o(.constdata)
    .constdata                               0x08005d4c   Section        1  main.o(.constdata)
    .constdata                               0x08005d4d   Section        1  main.o(.constdata)
    .constdata                               0x08005d4e   Section       16  system_stm32f0xx.o(.constdata)
    .constdata                               0x08005d5e   Section        8  system_stm32f0xx.o(.constdata)
    .data                                    0x20000000   Section       44  main.o(.data)
    .data                                    0x2000002c   Section        4  main.o(.data)
    .data                                    0x20000030   Section        4  main.o(.data)
    .data                                    0x20000034   Section        4  main.o(.data)
    .data                                    0x20000038   Section        4  main.o(.data)
    .data                                    0x2000003c   Section        4  main.o(.data)
    .data                                    0x20000040   Section        4  main.o(.data)
    .data                                    0x20000044   Section        2  main.o(.data)
    .data                                    0x20000046   Section        1  main.o(.data)
    .data                                    0x20000048   Section        4  system_stm32f0xx.o(.data)
    STACK                                    0x20000050   Section     1024  startup_stm32f030x8.o(STACK)

    Global Symbols

    Symbol Name                              Value     Ov Type        Size  Object(Section)

    BuildAttributes$$THM_ISAv3M$S$PE$A:L22$X:L11$S22$IEEE1$IW$USESV6$~STKCKD$USESV7$~SHL$OTIME$ROPI$IEEEJ$EBA8$MICROLIB$REQ8$PRES8$EABIv2 0x00000000   Number         0  anon$$obj.o ABSOLUTE
    __ARM_use_no_argv                        0x00000000   Number         0  main.o ABSOLUTE
    __cpp_initialize__aeabi_                  - Undefined Weak Reference
    __cxa_finalize                            - Undefined Weak Reference
    __decompress                              - Undefined Weak Reference
    _clock_init                               - Undefined Weak Reference
    _microlib_exit                            - Undefined Weak Reference
    __Vectors_Size                           0x000000b4   Number         0  startup_stm32f030x8.o ABSOLUTE
    __Vectors                                0x08000000   Data           4  startup_stm32f030x8.o(RESET)
    __Vectors_End                            0x080000b4   Data           0  startup_stm32f030x8.o(RESET)
    __main                                   0x080000b5   Thumb Code     0  entry.o(.ARM.Collect$$$$00000000)
    _main_stk                                0x080000b5   Thumb Code     0  entry2.o(.ARM.Collect$$$$00000001)
    _main_scatterload                        0x080000b9   Thumb Code     0  entry5.o(.ARM.Collect$$$$00000004)
    __main_after_scatterload                 0x080000bd   Thumb Code     0  entry5.o(.ARM.Collect$$$$00000004)
    _main_clock                              0x080000bd   Thumb Code     0  entry7b.o(.ARM.Collect$$$$00000008)
    _main_cpp_init                           0x080000bd   Thumb Code     0  entry8b.o(.ARM.Collect$$$$0000000A)
    _main_init                               0x080000bd   Thumb Code     0  entry9a.o(.ARM.Collect$$$$0000000B)
    __rt_final_cpp                           0x080000c5   Thumb Code     0  entry10a.o(.ARM.Collect$$$$0000000D)
    __rt_final_exit                          0x080000c5   Thumb Code     0  entry11a.o(.ARM.Collect$$$$0000000F)
    Reset_Handler                            0x080000c9   Thumb Code     8  startup_stm32f030x8.o(.text)
    ADC1_IRQHandler                          0x080000db   Thumb Code     0  startup_stm32f030x8.o(.text)
    DMA1_Channel1_IRQHandler                 0x080000db   Thumb Code     0  startup_stm32f030x8.o(.text)
    DMA1_Channel2_3_IRQHandler               0x080000db   Thumb Code     0  startup_stm32f030x8.o(.text)
    DMA1_Channel4_5_IRQHandler               0x080000db   Thumb Code     0  startup_stm32f030x8.o(.text)
    EXTI4_15_IRQHandler                      0x080000db   Thumb Code     0  startup_stm32f030x8.o(.text)
    FLASH_IRQHandler                         0x080000db   Thumb Code     0  startup_stm32f030x8.o(.text)
    I2C1_IRQHandler                          0x080000db   Thumb Code     0  startup_stm32f030x8.o(.text)
    I2C2_IRQHandler                          0x080000db   Thumb Code     0  startup_stm32f030x8.o(.text)
    RCC_IRQHandler                           0x080000db   Thumb Code     0  startup_stm32f030x8.o(.text)
    RTC_IRQHandler                           0x080000db   Thumb Code     0  startup_stm32f030x8.o(.text)
    SPI1_IRQHandler                          0x080000db   Thumb Code     0  startup_stm32f030x8.o(.text)
    SPI2_IRQHandler                          0x080000db   Thumb Code     0  startup_stm32f030x8.o(.text)
    TIM14_IRQHandler                         0x080000db   Thumb Code     0  startup_stm32f030x8.o(.text)
    TIM15_IRQHandler                         0x080000db   Thumb Code     0  startup_stm32f030x8.o(.text)
    TIM16_IRQHandler                         0x080000db   Thumb Code     0  startup_stm32f030x8.o(.text)
    TIM17_IRQHandler                         0x080000db   Thumb Code     0  startup_stm32f030x8.o(.text)
    TIM1_BRK_UP_TRG_COM_IRQHandler           0x080000db   Thumb Code     0  startup_stm32f030x8.o(.text)
    TIM1_CC_IRQHandler                       0x080000db   Thumb Code     0  startup_stm32f030x8.o(.text)
    TIM3_IRQHandler                          0x080000db   Thumb Code     0  startup_stm32f030x8.o(.text)
    USART1_IRQHandler                        0x080000db   Thumb Code     0  startup_stm32f030x8.o(.text)
    USART2_IRQHandler                        0x080000db   Thumb Code     0  startup_stm32f030x8.o(.text)
    WWDG_IRQHandler                          0x080000db   Thumb Code     0  startup_stm32f030x8.o(.text)
    __aeabi_uidiv                            0x080000e5   Thumb Code     0  uidiv.o(.text)
    __aeabi_uidivmod                         0x080000e5   Thumb Code    44  uidiv.o(.text)
    __aeabi_idiv                             0x08000111   Thumb Code     0  idiv.o(.text)
    __aeabi_idivmod                          0x08000111   Thumb Code    40  idiv.o(.text)
    __aeabi_fadd                             0x08000139   Thumb Code   162  fadd.o(.text)
    __aeabi_fsub                             0x080001db   Thumb Code     8  fadd.o(.text)
    __aeabi_frsub                            0x080001e3   Thumb Code     8  fadd.o(.text)
    __aeabi_fmul                             0x080001eb   Thumb Code   122  fmul.o(.text)
    __aeabi_dadd                             0x08000265   Thumb Code   328  dadd.o(.text)
    __aeabi_dsub                             0x080003ad   Thumb Code    12  dadd.o(.text)
    __aeabi_drsub                            0x080003b9   Thumb Code    12  dadd.o(.text)
    __aeabi_dmul                             0x080003c9   Thumb Code   202  dmul.o(.text)
    __aeabi_ddiv                             0x08000499   Thumb Code   234  ddiv.o(.text)
    __ARM_scalbn                             0x08000589   Thumb Code    44  dscalb.o(.text)
    scalbn                                   0x08000589   Thumb Code     0  dscalb.o(.text)
    __aeabi_i2f                              0x080005b5   Thumb Code    22  fflti.o(.text)
    __aeabi_ui2f                             0x080005cb   Thumb Code    14  ffltui.o(.text)
    __aeabi_i2d                              0x080005d9   Thumb Code    34  dflti.o(.text)
    __aeabi_ui2d                             0x08000601   Thumb Code    24  dfltui.o(.text)
    __aeabi_f2iz                             0x0800061d   Thumb Code    50  ffixi.o(.text)
    __aeabi_f2uiz                            0x0800064f   Thumb Code    40  ffixui.o(.text)
    __aeabi_f2d                              0x08000677   Thumb Code    40  f2d.o(.text)
    __aeabi_d2f                              0x0800069f   Thumb Code    56  d2f.o(.text)
    __aeabi_cfcmpeq                          0x080006d9   Thumb Code     0  cfcmple.o(.text)
    __aeabi_cfcmple                          0x080006d9   Thumb Code    20  cfcmple.o(.text)
    __aeabi_cfrcmple                         0x080006ed   Thumb Code    20  cfrcmple.o(.text)
    __aeabi_llsl                             0x08000701   Thumb Code    32  llshl.o(.text)
    _ll_shift_l                              0x08000701   Thumb Code     0  llshl.o(.text)
    __aeabi_lasr                             0x08000721   Thumb Code    38  llsshr.o(.text)
    _ll_sshift_r                             0x08000721   Thumb Code     0  llsshr.o(.text)
    __I$use$fp                               0x08000747   Thumb Code     0  iusefp.o(.text)
    _float_round                             0x08000747   Thumb Code    16  fepilogue.o(.text)
    _float_epilogue                          0x08000757   Thumb Code   114  fepilogue.o(.text)
    _frnd                                    0x080007c9   Thumb Code    62  frnd.o(.text)
    _double_round                            0x08000807   Thumb Code    26  depilogue.o(.text)
    _double_epilogue                         0x08000821   Thumb Code   164  depilogue.o(.text)
    __scatterload                            0x080008c5   Thumb Code    28  init.o(.text)
    __scatterload_rt2                        0x080008c5   Thumb Code     0  init.o(.text)
    __aeabi_llsr                             0x080008e9   Thumb Code    34  llushr.o(.text)
    _ll_ushift_r                             0x080008e9   Thumb Code     0  llushr.o(.text)
    CalibrateEncoder                         0x0800090d   Thumb Code   602  main.o(i.CalibrateEncoder)
    EXTI0_1_IRQHandler                       0x08000bc5   Thumb Code    78  stm32f0xx_it.o(i.EXTI0_1_IRQHandler)
    EXTI2_3_IRQHandler                       0x08000c29   Thumb Code    50  stm32f0xx_it.o(i.EXTI2_3_IRQHandler)
    FlashErase32K                            0x08000c6d   Thumb Code   196  main.o(i.FlashErase32K)
    FlashErasePage                           0x08000db1   Thumb Code    54  main.o(i.FlashErasePage)
    FlashGetStatus                           0x08000df1   Thumb Code    32  main.o(i.FlashGetStatus)
    FlashLock                                0x08000e15   Thumb Code    12  main.o(i.FlashLock)
    FlashUnlock                              0x08000e25   Thumb Code    12  main.o(i.FlashUnlock)
    FlashWaitDone                            0x08000e3d   Thumb Code    36  main.o(i.FlashWaitDone)
    FlashWriteHalfWord                       0x08000e61   Thumb Code    48  main.o(i.FlashWriteHalfWord)
    HardFault_Handler                        0x08000e95   Thumb Code     2  stm32f0xx_it.o(i.HardFault_Handler)
    LL_EXTI_Init                             0x08000ee1   Thumb Code   156  stm32f0xx_ll_exti.o(i.LL_EXTI_Init)
    LL_GPIO_Init                             0x08000f95   Thumb Code   168  stm32f0xx_ll_gpio.o(i.LL_GPIO_Init)
    LL_Init1msTick                           0x08001081   Thumb Code    26  stm32f0xx_ll_utils.o(i.LL_Init1msTick)
    LL_RCC_GetSystemClocksFreq               0x080010a1   Thumb Code    24  stm32f0xx_ll_rcc.o(i.LL_RCC_GetSystemClocksFreq)
    LL_RCC_GetUSARTClockFreq                 0x080010b9   Thumb Code    76  stm32f0xx_ll_rcc.o(i.LL_RCC_GetUSARTClockFreq)
    LL_SPI_Init                              0x0800110d   Thumb Code    92  stm32f0xx_ll_spi.o(i.LL_SPI_Init)
    LL_SetSystemCoreClock                    0x08001191   Thumb Code     6  stm32f0xx_ll_utils.o(i.LL_SetSystemCoreClock)
    LL_TIM_Init                              0x0800119d   Thumb Code   108  stm32f0xx_ll_tim.o(i.LL_TIM_Init)
    LL_TIM_OC_Init                           0x080012d1   Thumb Code    68  stm32f0xx_ll_tim.o(i.LL_TIM_OC_Init)
    LL_USART_Init                            0x08001315   Thumb Code   156  stm32f0xx_ll_usart.o(i.LL_USART_Init)
    LL_mDelay                                0x080013c1   Thumb Code    28  stm32f0xx_ll_utils.o(i.LL_mDelay)
    Mod                                      0x0800177d   Thumb Code    16  main.o(i.Mod)
    NMI_Handler                              0x0800178d   Thumb Code     2  stm32f0xx_it.o(i.NMI_Handler)
    OneStep                                  0x080019fd   Thumb Code    54  main.o(i.OneStep)
    Output                                   0x08001a41   Thumb Code   148  main.o(i.Output)
    PendSV_Handler                           0x08001ae9   Thumb Code     2  stm32f0xx_it.o(i.PendSV_Handler)
    PrintShortInt                            0x08001aeb   Thumb Code    58  main.o(i.PrintShortInt)
    PrintString                              0x08001b25   Thumb Code    20  main.o(i.PrintString)
    RCC_GetHCLKClockFreq                     0x08001b39   Thumb Code    18  stm32f0xx_ll_rcc.o(i.RCC_GetHCLKClockFreq)
    RCC_GetPCLK1ClockFreq                    0x08001b55   Thumb Code    16  stm32f0xx_ll_rcc.o(i.RCC_GetPCLK1ClockFreq)
    RCC_GetSystemClockFreq                   0x08001b6d   Thumb Code    28  stm32f0xx_ll_rcc.o(i.RCC_GetSystemClockFreq)
    RCC_PLL_GetFreqDomain_SYS                0x08001b91   Thumb Code    50  stm32f0xx_ll_rcc.o(i.RCC_PLL_GetFreqDomain_SYS)
    ReadAngle                                0x08001bcd   Thumb Code    12  main.o(i.ReadAngle)
    ReadState                                0x08001bdd   Thumb Code    10  main.o(i.ReadState)
    ReadValue                                0x08001bed   Thumb Code    80  main.o(i.ReadValue)
    SVC_Handler                              0x08001c45   Thumb Code     2  stm32f0xx_it.o(i.SVC_Handler)
    SerialCheck                              0x08001c49   Thumb Code   268  main.o(i.SerialCheck)
    SetModeCheck                             0x08001e2d   Thumb Code   256  main.o(i.SetModeCheck)
    SysTick_Handler                          0x08001f55   Thumb Code     2  stm32f0xx_it.o(i.SysTick_Handler)
    SystemClock_Config                       0x08001f59   Thumb Code   190  main.o(i.SystemClock_Config)
    SystemInit                               0x08002029   Thumb Code    78  system_stm32f0xx.o(i.SystemInit)
    TIM6_IRQHandler                          0x08002085   Thumb Code   508  stm32f0xx_it.o(i.TIM6_IRQHandler)
    UartPutChar                              0x080022fd   Thumb Code    22  main.o(i.UartPutChar)
    UsDelay                                  0x08002319   Thumb Code    20  main.o(i.UsDelay)
    WriteValue                               0x0800232d   Thumb Code    58  main.o(i.WriteValue)
    __ARM_clz                                0x0800236d   Thumb Code    46  depilogue.o(i.__ARM_clz)
    __scatterload_copy                       0x0800239b   Thumb Code    14  handlers.o(i.__scatterload_copy)
    __scatterload_null                       0x080023a9   Thumb Code     2  handlers.o(i.__scatterload_null)
    __scatterload_zeroinit                   0x080023ab   Thumb Code    14  handlers.o(i.__scatterload_zeroinit)
    main                                     0x080023b9   Thumb Code   166  main.o(i.main)
    roundf                                   0x0800247d   Thumb Code   116  roundf.o(i.roundf)
    sin_1                                    0x08002500   Data       14404  main.o(.constdata)
    LPFA                                     0x08005d44   Data           4  main.o(.constdata)
    LPFB                                     0x08005d48   Data           4  main.o(.constdata)
    UMAXCL                                   0x08005d4c   Data           1  main.o(.constdata)
    UMAXOP                                   0x08005d4d   Data           1  main.o(.constdata)
    AHBPrescTable                            0x08005d4e   Data          16  system_stm32f0xx.o(.constdata)
    APBPrescTable                            0x08005d5e   Data           8  system_stm32f0xx.o(.constdata)
    Region$$Table$$Base                      0x08005d68   Number         0  anon$$obj.o(Region$$Table)
    Region$$Table$$Limit                     0x08005d88   Number         0  anon$$obj.o(Region$$Table)
    dir                                      0x20000000   Data           1  main.o(.data)
    closemode                                0x20000001   Data           1  main.o(.data)
    kp                                       0x20000004   Data           4  main.o(.data)
    ki                                       0x20000008   Data           4  main.o(.data)
    kd                                       0x2000000c   Data           4  main.o(.data)
    r                                        0x20000010   Data           4  main.o(.data)
    y                                        0x20000014   Data           4  main.o(.data)
    y_1                                      0x20000018   Data           4  main.o(.data)
    yw                                       0x2000001c   Data           4  main.o(.data)
    yw_1                                     0x20000020   Data           4  main.o(.data)
    stepnumber                               0x20000024   Data           4  main.o(.data)
    stepangle                                0x20000028   Data           4  main.o(.data)
    r_1                                      0x2000002c   Data           4  main.o(.data)
    wrap_count                               0x20000030   Data           4  main.o(.data)
    e                                        0x20000034   Data           4  main.o(.data)
    iterm                                    0x20000038   Data           4  main.o(.data)
    dterm                                    0x2000003c   Data           4  main.o(.data)
    u                                        0x20000040   Data           4  main.o(.data)
    hccount                                  0x20000044   Data           2  main.o(.data)
    enmode                                   0x20000046   Data           1  main.o(.data)
    SystemCoreClock                          0x20000048   Data           4  system_stm32f0xx.o(.data)
    __initial_sp                             0x20000450   Data           0  startup_stm32f030x8.o(STACK)



==============================================================================

Memory Map of the image

  Image Entry point : 0x080000b5

  Load Region LR_IROM1 (Base: 0x08000000, Size: 0x00005dd4, Max: 0x00010000, ABSOLUTE)

    Execution Region ER_IROM1 (Base: 0x08000000, Size: 0x00005d88, Max: 0x00010000, ABSOLUTE)

    Base Addr    Size         Type   Attr      Idx    E Section Name        Object

    0x08000000   0x000000b4   Data   RO            3    RESET               startup_stm32f030x8.o
    0x080000b4   0x00000000   Code   RO          969  * .ARM.Collect$$$$00000000  mc_p.l(entry.o)
    0x080000b4   0x00000004   Code   RO         1008    .ARM.Collect$$$$00000001  mc_p.l(entry2.o)
    0x080000b8   0x00000004   Code   RO         1011    .ARM.Collect$$$$00000004  mc_p.l(entry5.o)
    0x080000bc   0x00000000   Code   RO         1013    .ARM.Collect$$$$00000008  mc_p.l(entry7b.o)
    0x080000bc   0x00000000   Code   RO         1015    .ARM.Collect$$$$0000000A  mc_p.l(entry8b.o)
    0x080000bc   0x00000008   Code   RO         1016    .ARM.Collect$$$$0000000B  mc_p.l(entry9a.o)
    0x080000c4   0x00000000   Code   RO         1018    .ARM.Collect$$$$0000000D  mc_p.l(entry10a.o)
    0x080000c4   0x00000000   Code   RO         1020    .ARM.Collect$$$$0000000F  mc_p.l(entry11a.o)
    0x080000c4   0x00000004   Code   RO         1009    .ARM.Collect$$$$00002712  mc_p.l(entry2.o)
    0x080000c8   0x0000001c   Code   RO            4    .text               startup_stm32f030x8.o
    0x080000e4   0x0000002c   Code   RO          972    .text               mc_p.l(uidiv.o)
    0x08000110   0x00000028   Code   RO          974    .text               mc_p.l(idiv.o)
    0x08000138   0x000000b2   Code   RO          976    .text               mf_p.l(fadd.o)
    0x080001ea   0x0000007a   Code   RO          978    .text               mf_p.l(fmul.o)
    0x08000264   0x00000164   Code   RO          980    .text               mf_p.l(dadd.o)
    0x080003c8   0x000000d0   Code   RO          982    .text               mf_p.l(dmul.o)
    0x08000498   0x000000f0   Code   RO          984    .text               mf_p.l(ddiv.o)
    0x08000588   0x0000002c   Code   RO          986    .text               mf_p.l(dscalb.o)
    0x080005b4   0x00000016   Code   RO          988    .text               mf_p.l(fflti.o)
    0x080005ca   0x0000000e   Code   RO          990    .text               mf_p.l(ffltui.o)
    0x080005d8   0x00000028   Code   RO          992    .text               mf_p.l(dflti.o)
    0x08000600   0x0000001c   Code   RO          994    .text               mf_p.l(dfltui.o)
    0x0800061c   0x00000032   Code   RO          996    .text               mf_p.l(ffixi.o)
    0x0800064e   0x00000028   Code   RO          998    .text               mf_p.l(ffixui.o)
    0x08000676   0x00000028   Code   RO         1000    .text               mf_p.l(f2d.o)
    0x0800069e   0x00000038   Code   RO         1002    .text               mf_p.l(d2f.o)
    0x080006d6   0x00000002   PAD
    0x080006d8   0x00000014   Code   RO         1004    .text               mf_p.l(cfcmple.o)
    0x080006ec   0x00000014   Code   RO         1006    .text               mf_p.l(cfrcmple.o)
    0x08000700   0x00000020   Code   RO         1022    .text               mc_p.l(llshl.o)
    0x08000720   0x00000026   Code   RO         1024    .text               mc_p.l(llsshr.o)
    0x08000746   0x00000000   Code   RO         1026    .text               mc_p.l(iusefp.o)
    0x08000746   0x00000082   Code   RO         1027    .text               mf_p.l(fepilogue.o)
    0x080007c8   0x0000003e   Code   RO         1029    .text               mf_p.l(frnd.o)
    0x08000806   0x000000be   Code   RO         1031    .text               mf_p.l(depilogue.o)
    0x080008c4   0x00000024   Code   RO         1035    .text               mc_p.l(init.o)
    0x080008e8   0x00000022   Code   RO         1037    .text               mc_p.l(llushr.o)
    0x0800090a   0x00000002   PAD
    0x0800090c   0x000002b8   Code   RO          163    i.CalibrateEncoder  main.o
    0x08000bc4   0x00000064   Code   RO           12    i.EXTI0_1_IRQHandler  stm32f0xx_it.o
    0x08000c28   0x00000044   Code   RO           13    i.EXTI2_3_IRQHandler  stm32f0xx_it.o
    0x08000c6c   0x00000144   Code   RO          164    i.FlashErase32K     main.o
    0x08000db0   0x00000040   Code   RO          165    i.FlashErasePage    main.o
    0x08000df0   0x00000024   Code   RO          166    i.FlashGetStatus    main.o
    0x08000e14   0x00000010   Code   RO          167    i.FlashLock         main.o
    0x08000e24   0x00000018   Code   RO          169    i.FlashUnlock       main.o
    0x08000e3c   0x00000024   Code   RO          170    i.FlashWaitDone     main.o
    0x08000e60   0x00000034   Code   RO          171    i.FlashWriteHalfWord  main.o
    0x08000e94   0x00000002   Code   RO           14    i.HardFault_Handler  stm32f0xx_it.o
    0x08000e96   0x00000002   PAD
    0x08000e98   0x00000018   Code   RO          172    i.LL_AHB1_GRP1_EnableClock  main.o
    0x08000eb0   0x00000018   Code   RO          173    i.LL_APB1_GRP1_EnableClock  main.o
    0x08000ec8   0x00000018   Code   RO          174    i.LL_APB1_GRP2_EnableClock  main.o
    0x08000ee0   0x000000a0   Code   RO          809    i.LL_EXTI_Init      stm32f0xx_ll_exti.o
    0x08000f80   0x00000014   Code   RO           15    i.LL_EXTI_IsActiveFlag_0_31  stm32f0xx_it.o
    0x08000f94   0x000000a8   Code   RO          846    i.LL_GPIO_Init      stm32f0xx_ll_gpio.o
    0x0800103c   0x0000000e   Code   RO           16    i.LL_GPIO_IsInputPinSet  stm32f0xx_it.o
    0x0800104a   0x0000000e   Code   RO          175    i.LL_GPIO_IsInputPinSet  main.o
    0x08001058   0x00000014   Code   RO          176    i.LL_GPIO_SetPinMode  main.o
    0x0800106c   0x00000014   Code   RO          177    i.LL_GPIO_SetPinPull  main.o
    0x08001080   0x00000020   Code   RO          891    i.LL_Init1msTick    stm32f0xx_ll_utils.o
    0x080010a0   0x00000018   Code   RO          700    i.LL_RCC_GetSystemClocksFreq  stm32f0xx_ll_rcc.o
    0x080010b8   0x00000054   Code   RO          701    i.LL_RCC_GetUSARTClockFreq  stm32f0xx_ll_rcc.o
    0x0800110c   0x00000064   Code   RO          627    i.LL_SPI_Init       stm32f0xx_ll_spi.o
    0x08001170   0x00000020   Code   RO          178    i.LL_SYSCFG_SetEXTISource  main.o
    0x08001190   0x0000000c   Code   RO          895    i.LL_SetSystemCoreClock  stm32f0xx_ll_utils.o
    0x0800119c   0x00000084   Code   RO          486    i.LL_TIM_Init       stm32f0xx_ll_tim.o
    0x08001220   0x00000058   Code   RO          179    i.LL_TIM_OC_DisableFast  main.o
    0x08001278   0x00000058   Code   RO          180    i.LL_TIM_OC_EnablePreload  main.o
    0x080012d0   0x00000044   Code   RO          487    i.LL_TIM_OC_Init    stm32f0xx_ll_tim.o
    0x08001314   0x000000ac   Code   RO          764    i.LL_USART_Init     stm32f0xx_ll_usart.o
    0x080013c0   0x00000020   Code   RO          896    i.LL_mDelay         stm32f0xx_ll_utils.o
    0x080013e0   0x000001a0   Code   RO          181    i.MX_GPIO_Init      main.o
    0x08001580   0x00000094   Code   RO          182    i.MX_SPI1_Init      main.o
    0x08001614   0x000000d8   Code   RO          183    i.MX_TIM3_Init      main.o
    0x080016ec   0x00000090   Code   RO          184    i.MX_USART1_UART_Init  main.o
    0x0800177c   0x00000010   Code   RO          185    i.Mod               main.o
    0x0800178c   0x00000002   Code   RO           17    i.NMI_Handler       stm32f0xx_it.o
    0x0800178e   0x00000002   PAD
    0x08001790   0x00000044   Code   RO          186    i.NVIC_SetPriority  main.o
    0x080017d4   0x0000008c   Code   RO          490    i.OC1Config         stm32f0xx_ll_tim.o
    0x08001860   0x00000090   Code   RO          491    i.OC2Config         stm32f0xx_ll_tim.o
    0x080018f0   0x00000098   Code   RO          492    i.OC3Config         stm32f0xx_ll_tim.o
    0x08001988   0x00000074   Code   RO          493    i.OC4Config         stm32f0xx_ll_tim.o
    0x080019fc   0x00000044   Code   RO          187    i.OneStep           main.o
    0x08001a40   0x000000a8   Code   RO          188    i.Output            main.o
    0x08001ae8   0x00000002   Code   RO           18    i.PendSV_Handler    stm32f0xx_it.o
    0x08001aea   0x0000003a   Code   RO          189    i.PrintShortInt     main.o
    0x08001b24   0x00000014   Code   RO          190    i.PrintString       main.o
    0x08001b38   0x0000001c   Code   RO          702    i.RCC_GetHCLKClockFreq  stm32f0xx_ll_rcc.o
    0x08001b54   0x00000018   Code   RO          703    i.RCC_GetPCLK1ClockFreq  stm32f0xx_ll_rcc.o
    0x08001b6c   0x00000024   Code   RO          704    i.RCC_GetSystemClockFreq  stm32f0xx_ll_rcc.o
    0x08001b90   0x0000003c   Code   RO          705    i.RCC_PLL_GetFreqDomain_SYS  stm32f0xx_ll_rcc.o
    0x08001bcc   0x00000010   Code   RO          191    i.ReadAngle         main.o
    0x08001bdc   0x00000010   Code   RO          192    i.ReadState         main.o
    0x08001bec   0x00000058   Code   RO          193    i.ReadValue         main.o
    0x08001c44   0x00000002   Code   RO           19    i.SVC_Handler       stm32f0xx_it.o
    0x08001c46   0x00000002   PAD
    0x08001c48   0x000001e4   Code   RO          194    i.SerialCheck       main.o
    0x08001e2c   0x00000128   Code   RO          195    i.SetModeCheck      main.o
    0x08001f54   0x00000002   Code   RO           20    i.SysTick_Handler   stm32f0xx_it.o
    0x08001f56   0x00000002   PAD
    0x08001f58   0x000000d0   Code   RO          196    i.SystemClock_Config  main.o
    0x08002028   0x0000005c   Code   RO          442    i.SystemInit        system_stm32f0xx.o
    0x08002084   0x00000278   Code   RO           21    i.TIM6_IRQHandler   stm32f0xx_it.o
    0x080022fc   0x0000001c   Code   RO          197    i.UartPutChar       main.o
    0x08002318   0x00000014   Code   RO          198    i.UsDelay           main.o
    0x0800232c   0x00000040   Code   RO          199    i.WriteValue        main.o
    0x0800236c   0x0000002e   Code   RO         1033    i.__ARM_clz         mf_p.l(depilogue.o)
    0x0800239a   0x0000000e   Code   RO         1041    i.__scatterload_copy  mc_p.l(handlers.o)
    0x080023a8   0x00000002   Code   RO         1042    i.__scatterload_null  mc_p.l(handlers.o)
    0x080023aa   0x0000000e   Code   RO         1043    i.__scatterload_zeroinit  mc_p.l(handlers.o)
    0x080023b8   0x000000c4   Code   RO          201    i.main              main.o
    0x0800247c   0x00000074   Code   RO          967    i.roundf            m_ps.l(roundf.o)
    0x080024f0   0x00003854   Data   RO          202    .constdata          main.o
    0x08005d44   0x00000004   Data   RO          203    .constdata          main.o
    0x08005d48   0x00000004   Data   RO          204    .constdata          main.o
    0x08005d4c   0x00000001   Data   RO          205    .constdata          main.o
    0x08005d4d   0x00000001   Data   RO          206    .constdata          main.o
    0x08005d4e   0x00000010   Data   RO          443    .constdata          system_stm32f0xx.o
    0x08005d5e   0x00000008   Data   RO          444    .constdata          system_stm32f0xx.o
    0x08005d66   0x00000002   PAD
    0x08005d68   0x00000020   Data   RO         1039    Region$$Table       anon$$obj.o


    Execution Region RW_IRAM1 (Base: 0x20000000, Size: 0x00000450, Max: 0x00002000, ABSOLUTE)

    Base Addr    Size         Type   Attr      Idx    E Section Name        Object

    0x20000000   0x0000002c   Data   RW          207    .data               main.o
    0x2000002c   0x00000004   Data   RW          208    .data               main.o
    0x20000030   0x00000004   Data   RW          209    .data               main.o
    0x20000034   0x00000004   Data   RW          210    .data               main.o
    0x20000038   0x00000004   Data   RW          213    .data               main.o
    0x2000003c   0x00000004   Data   RW          214    .data               main.o
    0x20000040   0x00000004   Data   RW          215    .data               main.o
    0x20000044   0x00000002   Data   RW          216    .data               main.o
    0x20000046   0x00000001   Data   RW          217    .data               main.o
    0x20000047   0x00000001   PAD
    0x20000048   0x00000004   Data   RW          445    .data               system_stm32f0xx.o
    0x2000004c   0x00000004   PAD
    0x20000050   0x00000400   Zero   RW            1    STACK               startup_stm32f030x8.o


==============================================================================

Image component sizes


      Code (inc. data)   RO Data    RW Data    ZI Data      Debug   Object Name

      4320        700      14430         71          0     107820   main.o
        28          8        180          0       1024        624   startup_stm32f030x8.o
       844        168          0          0          0     229647   stm32f0xx_it.o
       160          4          0          0          0       4671   stm32f0xx_ll_exti.o
       168          0          0          0          0       6475   stm32f0xx_ll_gpio.o
       256         44          0          0          0      16864   stm32f0xx_ll_rcc.o
       100          8          0          0          0      11190   stm32f0xx_ll_spi.o
       752         92          0          0          0      33927   stm32f0xx_ll_tim.o
       172         16          0          0          0      16760   stm32f0xx_ll_usart.o
        76         16          0          0          0       5861   stm32f0xx_ll_utils.o
        92         14         24          4          0       1255   system_stm32f0xx.o

    ----------------------------------------------------------------------
      6976       1070      14668         76       1028     435094   Object Totals
         0          0         32          0          0          0   (incl. Generated)
         8          0          2          1          4          0   (incl. Padding)

    ----------------------------------------------------------------------

      Code (inc. data)   RO Data    RW Data    ZI Data      Debug   Library Member Name

       116          0          0          0          0         72   roundf.o
         0          0          0          0          0          0   entry.o
         0          0          0          0          0          0   entry10a.o
         0          0          0          0          0          0   entry11a.o
         8          4          0          0          0          0   entry2.o
         4          0          0          0          0          0   entry5.o
         0          0          0          0          0          0   entry7b.o
         0          0          0          0          0          0   entry8b.o
         8          4          0          0          0          0   entry9a.o
        30          0          0          0          0          0   handlers.o
        40          0          0          0          0         72   idiv.o
        36          8          0          0          0         68   init.o
         0          0          0          0          0          0   iusefp.o
        32          0          0          0          0         68   llshl.o
        38          0          0          0          0         68   llsshr.o
        34          0          0          0          0         68   llushr.o
        44          0          0          0          0         72   uidiv.o
        20          0          0          0          0         68   cfcmple.o
        20          0          0          0          0         68   cfrcmple.o
        56          0          0          0          0         68   d2f.o
       356          4          0          0          0        140   dadd.o
       240          6          0          0          0         84   ddiv.o
       236          0          0          0          0        216   depilogue.o
        40          6          0          0          0         68   dflti.o
        28          4          0          0          0         68   dfltui.o
       208          6          0          0          0         88   dmul.o
        44          0          0          0          0         72   dscalb.o
        40          0          0          0          0         60   f2d.o
       178          0          0          0          0        108   fadd.o
       130          0          0          0          0        144   fepilogue.o
        50          0          0          0          0         60   ffixi.o
        40          0          0          0          0         60   ffixui.o
        22          0          0          0          0         68   fflti.o
        14          0          0          0          0         68   ffltui.o
       122          0          0          0          0         72   fmul.o
        62          0          0          0          0         68   frnd.o

    ----------------------------------------------------------------------
      2300         42          0          0          0       2136   Library Totals
         4          0          0          0          0          0   (incl. Padding)

    ----------------------------------------------------------------------

      Code (inc. data)   RO Data    RW Data    ZI Data      Debug   Library Name

       116          0          0          0          0         72   m_ps.l
       274         16          0          0          0        416   mc_p.l
      1906         26          0          0          0       1648   mf_p.l

    ----------------------------------------------------------------------
      2300         42          0          0          0       2136   Library Totals

    ----------------------------------------------------------------------

==============================================================================


      Code (inc. data)   RO Data    RW Data    ZI Data      Debug   

      9276       1112      14668         76       1028     433450   Grand Totals
      9276       1112      14668         76       1028     433450   ELF Image Totals
      9276       1112      14668         76          0          0   ROM Totals

==============================================================================

    Total RO  Size (Code + RO Data)                23944 (  23.38kB)
    Total RW  Size (RW Data + ZI Data)              1104 (   1.08kB)
    Total ROM Size (Code + RO Data + RW Data)      24020 (  23.46kB)

==============================================================================

